// Jest Snapshot v1, https://goo.gl/fbAQLP

exports[`Loot should render correctly 1`] = `
<div>
  <h2>
    Bitcoin Balance: 
  </h2>
</div>
`;
