// Jest Snapshot v1, https://goo.gl/fbAQLP

exports[`App should render correctly 1`] = `
<div>
  <h1>
    Loot Check
  </h1>
  <hr />
  <Connect(Wallet) />
  <hr />
  <Connect(Loot) />
  <a
    href="https://www.coindesk.com/price/bitcoin"
    rel="noreferrer"
    target="_blank"
  >
    Powered by CoinDesk
  </a>
</div>
`;
